// Jest Snapshot v1, https://goo.gl/fbAQLP

exports[`Device tests should match the snapshot 1`] = `
ShallowWrapper {
  Symbol(enzyme.__root__): [Circular],
  Symbol(enzyme.__unrendered__): <Device
    device={
      Object {
        "id": "d8f8ac47",
        "model": "GENERATION2_8ZONE",
        "name": "Gouda",
        "on": true,
        "timeZone": "America/Los_Angeles",
        "zones": Array [
          Object {
            "id": 1,
          },
          Object {
            "id": 2,
          },
        ],
      }
    }
  />,
  Symbol(enzyme.__renderer__): Object {
    "batchedUpdates": [Function],
    "getNode": [Function],
    "render": [Function],
    "simulateError": [Function],
    "simulateEvent": [Function],
    "unmount": [Function],
  },
  Symbol(enzyme.__node__): Object {
    "instance": null,
    "key": undefined,
    "nodeType": "host",
    "props": Object {
      "children": Array [
        <div
          className="device-card-text-section"
        >
          <h3
            className="device-card-text"
          >
            Gouda
          </h3>
          <p
            className="device-card-text"
          >
            Model: 
            GENERATION2_8ZONE
          </p>
          <p
            className="device-card-text"
          >
            Status: 
          </p>
          <p
            className="device-card-text"
          >
            Zones: 
            2
          </p>
        </div>,
        <div
          className="device-card-input-section"
        >
          <button
            className="activate-buttons"
            onClick={[Function]}
          >
            Start All Zones
          </button>
          <label
            className="duration-label"
            htmlFor="duration"
          >
            Runtime Duration:
          </label>
          <input
            className="duration-input"
            id="duration"
            name="duration"
            onChange={[Function]}
            placeholder="Desired Runtime"
            type="number"
            value={0}
          />
          <button
            className="activate-buttons display-zones-button"
            onClick={[Function]}
            value="d8f8ac47"
          >
            Display Zones
          </button>
        </div>,
        <div>
          <ZoneContainer
            zones={Array []}
          />
        </div>,
      ],
      "className": "device-card",
    },
    "ref": null,
    "rendered": Array [
      Object {
        "instance": null,
        "key": undefined,
        "nodeType": "host",
        "props": Object {
          "children": Array [
            <h3
              className="device-card-text"
            >
              Gouda
            </h3>,
            <p
              className="device-card-text"
            >
              Model: 
              GENERATION2_8ZONE
            </p>,
            <p
              className="device-card-text"
            >
              Status: 
            </p>,
            <p
              className="device-card-text"
            >
              Zones: 
              2
            </p>,
          ],
          "className": "device-card-text-section",
        },
        "ref": null,
        "rendered": Array [
          Object {
            "instance": null,
            "key": undefined,
            "nodeType": "host",
            "props": Object {
              "children": "Gouda",
              "className": "device-card-text",
            },
            "ref": null,
            "rendered": "Gouda",
            "type": "h3",
          },
          Object {
            "instance": null,
            "key": undefined,
            "nodeType": "host",
            "props": Object {
              "children": Array [
                "Model: ",
                "GENERATION2_8ZONE",
              ],
              "className": "device-card-text",
            },
            "ref": null,
            "rendered": Array [
              "Model: ",
              "GENERATION2_8ZONE",
            ],
            "type": "p",
          },
          Object {
            "instance": null,
            "key": undefined,
            "nodeType": "host",
            "props": Object {
              "children": Array [
                "Status: ",
                undefined,
              ],
              "className": "device-card-text",
            },
            "ref": null,
            "rendered": Array [
              "Status: ",
              undefined,
            ],
            "type": "p",
          },
          Object {
            "instance": null,
            "key": undefined,
            "nodeType": "host",
            "props": Object {
              "children": Array [
                "Zones: ",
                2,
              ],
              "className": "device-card-text",
            },
            "ref": null,
            "rendered": Array [
              "Zones: ",
              2,
            ],
            "type": "p",
          },
        ],
        "type": "div",
      },
      Object {
        "instance": null,
        "key": undefined,
        "nodeType": "host",
        "props": Object {
          "children": Array [
            <button
              className="activate-buttons"
              onClick={[Function]}
            >
              Start All Zones
            </button>,
            <label
              className="duration-label"
              htmlFor="duration"
            >
              Runtime Duration:
            </label>,
            <input
              className="duration-input"
              id="duration"
              name="duration"
              onChange={[Function]}
              placeholder="Desired Runtime"
              type="number"
              value={0}
            />,
            <button
              className="activate-buttons display-zones-button"
              onClick={[Function]}
              value="d8f8ac47"
            >
              Display Zones
            </button>,
          ],
          "className": "device-card-input-section",
        },
        "ref": null,
        "rendered": Array [
          Object {
            "instance": null,
            "key": undefined,
            "nodeType": "host",
            "props": Object {
              "children": "Start All Zones",
              "className": "activate-buttons",
              "onClick": [Function],
            },
            "ref": null,
            "rendered": "Start All Zones",
            "type": "button",
          },
          Object {
            "instance": null,
            "key": undefined,
            "nodeType": "host",
            "props": Object {
              "children": "Runtime Duration:",
              "className": "duration-label",
              "htmlFor": "duration",
            },
            "ref": null,
            "rendered": "Runtime Duration:",
            "type": "label",
          },
          Object {
            "instance": null,
            "key": undefined,
            "nodeType": "host",
            "props": Object {
              "className": "duration-input",
              "id": "duration",
              "name": "duration",
              "onChange": [Function],
              "placeholder": "Desired Runtime",
              "type": "number",
              "value": 0,
            },
            "ref": null,
            "rendered": null,
            "type": "input",
          },
          Object {
            "instance": null,
            "key": undefined,
            "nodeType": "host",
            "props": Object {
              "children": "Display Zones",
              "className": "activate-buttons display-zones-button",
              "onClick": [Function],
              "value": "d8f8ac47",
            },
            "ref": null,
            "rendered": "Display Zones",
            "type": "button",
          },
        ],
        "type": "div",
      },
      Object {
        "instance": null,
        "key": undefined,
        "nodeType": "host",
        "props": Object {
          "children": <ZoneContainer
            zones={Array []}
          />,
        },
        "ref": null,
        "rendered": Object {
          "instance": null,
          "key": undefined,
          "nodeType": "function",
          "props": Object {
            "zones": Array [],
          },
          "ref": null,
          "rendered": null,
          "type": [Function],
        },
        "type": "div",
      },
    ],
    "type": "div",
  },
  Symbol(enzyme.__nodes__): Array [
    Object {
      "instance": null,
      "key": undefined,
      "nodeType": "host",
      "props": Object {
        "children": Array [
          <div
            className="device-card-text-section"
          >
            <h3
              className="device-card-text"
            >
              Gouda
            </h3>
            <p
              className="device-card-text"
            >
              Model: 
              GENERATION2_8ZONE
            </p>
            <p
              className="device-card-text"
            >
              Status: 
            </p>
            <p
              className="device-card-text"
            >
              Zones: 
              2
            </p>
          </div>,
          <div
            className="device-card-input-section"
          >
            <button
              className="activate-buttons"
              onClick={[Function]}
            >
              Start All Zones
            </button>
            <label
              className="duration-label"
              htmlFor="duration"
            >
              Runtime Duration:
            </label>
            <input
              className="duration-input"
              id="duration"
              name="duration"
              onChange={[Function]}
              placeholder="Desired Runtime"
              type="number"
              value={0}
            />
            <button
              className="activate-buttons display-zones-button"
              onClick={[Function]}
              value="d8f8ac47"
            >
              Display Zones
            </button>
          </div>,
          <div>
            <ZoneContainer
              zones={Array []}
            />
          </div>,
        ],
        "className": "device-card",
      },
      "ref": null,
      "rendered": Array [
        Object {
          "instance": null,
          "key": undefined,
          "nodeType": "host",
          "props": Object {
            "children": Array [
              <h3
                className="device-card-text"
              >
                Gouda
              </h3>,
              <p
                className="device-card-text"
              >
                Model: 
                GENERATION2_8ZONE
              </p>,
              <p
                className="device-card-text"
              >
                Status: 
              </p>,
              <p
                className="device-card-text"
              >
                Zones: 
                2
              </p>,
            ],
            "className": "device-card-text-section",
          },
          "ref": null,
          "rendered": Array [
            Object {
              "instance": null,
              "key": undefined,
              "nodeType": "host",
              "props": Object {
                "children": "Gouda",
                "className": "device-card-text",
              },
              "ref": null,
              "rendered": "Gouda",
              "type": "h3",
            },
            Object {
              "instance": null,
              "key": undefined,
              "nodeType": "host",
              "props": Object {
                "children": Array [
                  "Model: ",
                  "GENERATION2_8ZONE",
                ],
                "className": "device-card-text",
              },
              "ref": null,
              "rendered": Array [
                "Model: ",
                "GENERATION2_8ZONE",
              ],
              "type": "p",
            },
            Object {
              "instance": null,
              "key": undefined,
              "nodeType": "host",
              "props": Object {
                "children": Array [
                  "Status: ",
                  undefined,
                ],
                "className": "device-card-text",
              },
              "ref": null,
              "rendered": Array [
                "Status: ",
                undefined,
              ],
              "type": "p",
            },
            Object {
              "instance": null,
              "key": undefined,
              "nodeType": "host",
              "props": Object {
                "children": Array [
                  "Zones: ",
                  2,
                ],
                "className": "device-card-text",
              },
              "ref": null,
              "rendered": Array [
                "Zones: ",
                2,
              ],
              "type": "p",
            },
          ],
          "type": "div",
        },
        Object {
          "instance": null,
          "key": undefined,
          "nodeType": "host",
          "props": Object {
            "children": Array [
              <button
                className="activate-buttons"
                onClick={[Function]}
              >
                Start All Zones
              </button>,
              <label
                className="duration-label"
                htmlFor="duration"
              >
                Runtime Duration:
              </label>,
              <input
                className="duration-input"
                id="duration"
                name="duration"
                onChange={[Function]}
                placeholder="Desired Runtime"
                type="number"
                value={0}
              />,
              <button
                className="activate-buttons display-zones-button"
                onClick={[Function]}
                value="d8f8ac47"
              >
                Display Zones
              </button>,
            ],
            "className": "device-card-input-section",
          },
          "ref": null,
          "rendered": Array [
            Object {
              "instance": null,
              "key": undefined,
              "nodeType": "host",
              "props": Object {
                "children": "Start All Zones",
                "className": "activate-buttons",
                "onClick": [Function],
              },
              "ref": null,
              "rendered": "Start All Zones",
              "type": "button",
            },
            Object {
              "instance": null,
              "key": undefined,
              "nodeType": "host",
              "props": Object {
                "children": "Runtime Duration:",
                "className": "duration-label",
                "htmlFor": "duration",
              },
              "ref": null,
              "rendered": "Runtime Duration:",
              "type": "label",
            },
            Object {
              "instance": null,
              "key": undefined,
              "nodeType": "host",
              "props": Object {
                "className": "duration-input",
                "id": "duration",
                "name": "duration",
                "onChange": [Function],
                "placeholder": "Desired Runtime",
                "type": "number",
                "value": 0,
              },
              "ref": null,
              "rendered": null,
              "type": "input",
            },
            Object {
              "instance": null,
              "key": undefined,
              "nodeType": "host",
              "props": Object {
                "children": "Display Zones",
                "className": "activate-buttons display-zones-button",
                "onClick": [Function],
                "value": "d8f8ac47",
              },
              "ref": null,
              "rendered": "Display Zones",
              "type": "button",
            },
          ],
          "type": "div",
        },
        Object {
          "instance": null,
          "key": undefined,
          "nodeType": "host",
          "props": Object {
            "children": <ZoneContainer
              zones={Array []}
            />,
          },
          "ref": null,
          "rendered": Object {
            "instance": null,
            "key": undefined,
            "nodeType": "function",
            "props": Object {
              "zones": Array [],
            },
            "ref": null,
            "rendered": null,
            "type": [Function],
          },
          "type": "div",
        },
      ],
      "type": "div",
    },
  ],
  Symbol(enzyme.__options__): Object {
    "adapter": ReactSixteenAdapter {
      "options": Object {
        "enableComponentDidUpdateOnSetState": true,
        "lifecycles": Object {
          "componentDidUpdate": Object {
            "onSetState": true,
          },
          "getDerivedStateFromProps": true,
          "getSnapshotBeforeUpdate": true,
          "setState": Object {
            "skipsComponentDidUpdateOnNullish": true,
          },
        },
      },
    },
    "attachTo": undefined,
    "hydrateIn": undefined,
  },
}
`;
